[INFO] Scanning for projects...
[INFO] 
[INFO] -----------------------< com.applytrack:backend >-----------------------
[INFO] Building applyfollow-backend 0.0.1-SNAPSHOT
[INFO]   from pom.xml
[INFO] --------------------------------[ jar ]---------------------------------
[INFO] 
[INFO] --- resources:3.3.1:resources (default-resources) @ backend ---
[INFO] Copying 1 resource from src\main\resources to target\classes
[INFO] Copying 0 resource from src\main\resources to target\classes
[INFO] 
[INFO] --- compiler:3.11.0:compile (default-compile) @ backend ---
[INFO] Changes detected - recompiling the module! :source
[INFO] Compiling 55 source files with javac [debug release 17] to target\classes
[INFO] Some messages have been simplified; recompile with -Xdiags:verbose to get full output
[INFO] -------------------------------------------------------------
[ERROR] COMPILATION ERROR : 
[INFO] -------------------------------------------------------------
[ERROR] /C:/Users/Oguzhan/Desktop/Repositories/ApplyTrack/backend/src/main/java/com/applytrack/backend/config/ApplicationConfig.java:[38,98] incompatible types: org.springframework.security.core.userdetails.UserDetailsService cannot be converted to org.springframework.security.crypto.password.PasswordEncoder
[INFO] 1 error
[INFO] -------------------------------------------------------------
[INFO] ------------------------------------------------------------------------
[INFO] BUILD FAILURE
[INFO] ------------------------------------------------------------------------
[INFO] Total time:  3.528 s
[INFO] Finished at: 2026-01-15T01:40:55+03:00
[INFO] ------------------------------------------------------------------------
[ERROR] Failed to execute goal org.apache.maven.plugins:maven-compiler-plugin:3.11.0:compile (default-compile) on project backend: Compilation failure
[ERROR] /C:/Users/Oguzhan/Desktop/Repositories/ApplyTrack/backend/src/main/java/com/applytrack/backend/config/ApplicationConfig.java:[38,98] incompatible types: org.springframework.security.core.userdetails.UserDetailsService cannot be converted to org.springframework.security.crypto.password.PasswordEncoder
[ERROR] 
[ERROR] -> [Help 1]
[ERROR] 
[ERROR] To see the full stack trace of the errors, re-run Maven with the -e switch.
[ERROR] Re-run Maven using the -X switch to enable full debug logging.
[ERROR] 
[ERROR] For more information about the errors and possible solutions, please read the following articles:
[ERROR] [Help 1] http://cwiki.apache.org/confluence/display/MAVEN/MojoFailureException
